---
source: quic/s2n-quic-core/src/recovery/bbr/tests.rs
expression: ""
---
BbrStateChanged { path_id: 0, state: Drain }
BbrStateChanged { path_id: 0, state: ProbeBwDown }
PacingRateUpdated { path_id: 0, bytes_per_second: 100000000, burst_size: 12000, pacing_gain: 1.0 }
